    Checking theme_settings v0.1.0 (H:\Sources\zed-wt\pr-60975\crates\theme_settings)
    Checking context_server v0.1.0 (H:\Sources\zed-wt\pr-60975\crates\context_server)
    Checking git_hosting_providers v0.1.0 (H:\Sources\zed-wt\pr-60975\crates\git_hosting_providers)
    Checking remote v0.1.0 (H:\Sources\zed-wt\pr-60975\crates\remote)
    Checking vim_mode_setting v0.1.0 (H:\Sources\zed-wt\pr-60975\crates\vim_mode_setting)
    Checking terminal v0.1.0 (H:\Sources\zed-wt\pr-60975\crates\terminal)
    Checking worktree v0.1.0 (H:\Sources\zed-wt\pr-60975\crates\worktree)
    Checking buffer_diff v0.1.0 (H:\Sources\zed-wt\pr-60975\crates\buffer_diff)
    Checking prettier v0.1.0 (H:\Sources\zed-wt\pr-60975\crates\prettier)
    Checking markdown v0.1.0 (H:\Sources\zed-wt\pr-60975\crates\markdown)
    Checking language_detection v0.1.0 (H:\Sources\zed-wt\pr-60975\crates\language_detection)
    Checking multi_buffer v0.1.0 (H:\Sources\zed-wt\pr-60975\crates\multi_buffer)
    Checking client v0.1.0 (H:\Sources\zed-wt\pr-60975\crates\client)
    Checking dap v0.1.0 (H:\Sources\zed-wt\pr-60975\crates\dap)
    Checking edit_prediction_types v0.1.0 (H:\Sources\zed-wt\pr-60975\crates\edit_prediction_types)
    Checking extension v0.1.0 (H:\Sources\zed-wt\pr-60975\crates\extension)
    Checking snippet_provider v0.1.0 (H:\Sources\zed-wt\pr-60975\crates\snippet_provider)
    Checking project v0.1.0 (H:\Sources\zed-wt\pr-60975\crates\project)
    Checking agent_settings v0.1.0 (H:\Sources\zed-wt\pr-60975\crates\agent_settings)
    Checking extension_host v0.1.0 (H:\Sources\zed-wt\pr-60975\crates\extension_host)
    Checking workspace v0.1.0 (H:\Sources\zed-wt\pr-60975\crates\workspace)
    Checking picker v0.1.0 (H:\Sources\zed-wt\pr-60975\crates\picker)
    Checking breadcrumbs v0.1.0 (H:\Sources\zed-wt\pr-60975\crates\breadcrumbs)
    Checking auto_update v0.1.0 (H:\Sources\zed-wt\pr-60975\crates\auto_update)
    Checking editor v0.1.0 (H:\Sources\zed-wt\pr-60975\crates\editor)
    Checking remote_connection v0.1.0 (H:\Sources\zed-wt\pr-60975\crates\remote_connection)
    Checking dev_container v0.1.0 (H:\Sources\zed-wt\pr-60975\crates\dev_container)
    Checking open_path_prompt v0.1.0 (H:\Sources\zed-wt\pr-60975\crates\open_path_prompt)
    Checking recent_projects v0.1.0 (H:\Sources\zed-wt\pr-60975\crates\recent_projects)
    Finished `dev` profile [unoptimized + debuginfo] target(s) in 1m 59s
CHECK_EXIT=0
test result: ok. 122 passed; 0 failed; 0 ignored; 0 measured; 0 filtered out; finished in 0.09s
TEST_EXIT=0
