    Blocking waiting for file lock on build directory
   Compiling gpui v0.2.2 (H:\Sources\zed-wt\pupeno-remote\crates\gpui)
    Checking paths v0.1.0 (H:\Sources\zed-wt\pupeno-remote\crates\paths)
   Compiling language v0.1.0 (H:\Sources\zed-wt\pupeno-remote\crates\language)
   Compiling ui v0.1.0 (H:\Sources\zed-wt\pupeno-remote\crates\ui)
    Checking node_runtime v0.1.0 (H:\Sources\zed-wt\pupeno-remote\crates\node_runtime)
    Checking release_channel v0.1.0 (H:\Sources\zed-wt\pupeno-remote\crates\release_channel)
    Checking settings_content v0.1.0 (H:\Sources\zed-wt\pupeno-remote\crates\settings_content)
    Checking askpass v0.1.0 (H:\Sources\zed-wt\pupeno-remote\crates\askpass)
    Checking syntax_theme v0.1.0 (H:\Sources\zed-wt\pupeno-remote\crates\syntax_theme)
    Checking zed_actions v0.1.0 (H:\Sources\zed-wt\pupeno-remote\crates\zed_actions)
    Checking rpc v0.1.0 (H:\Sources\zed-wt\pupeno-remote\crates\rpc)
    Checking fuzzy v0.1.0 (H:\Sources\zed-wt\pupeno-remote\crates\fuzzy)
    Checking credentials_provider v0.1.0 (H:\Sources\zed-wt\pupeno-remote\crates\credentials_provider)
    Checking gpui_tokio v0.1.0 (H:\Sources\zed-wt\pupeno-remote\crates\gpui_tokio)
    Checking menu v0.1.0 (H:\Sources\zed-wt\pupeno-remote\crates\menu)
    Checking mermaid_render v0.1.0 (H:\Sources\zed-wt\pupeno-remote\crates\mermaid_render)
    Checking assets v0.1.0 (H:\Sources\zed-wt\pupeno-remote\crates\assets)
    Checking language_model v0.1.0 (H:\Sources\zed-wt\pupeno-remote\crates\language_model)
    Checking cloud_api_client v0.1.0 (H:\Sources\zed-wt\pupeno-remote\crates\cloud_api_client)
    Checking theme v0.1.0 (H:\Sources\zed-wt\pupeno-remote\crates\theme)
    Checking lsp v0.1.0 (H:\Sources\zed-wt\pupeno-remote\crates\lsp)
    Checking zed_credentials_provider v0.1.0 (H:\Sources\zed-wt\pupeno-remote\crates\zed_credentials_provider)
    Checking db v0.1.0 (H:\Sources\zed-wt\pupeno-remote\crates\db)
    Checking git v0.1.0 (H:\Sources\zed-wt\pupeno-remote\crates\git)
    Checking fuzzy_nucleo v0.1.0 (H:\Sources\zed-wt\pupeno-remote\crates\fuzzy_nucleo)
    Checking session v0.1.0 (H:\Sources\zed-wt\pupeno-remote\crates\session)
    Checking task v0.1.0 (H:\Sources\zed-wt\pupeno-remote\crates\task)
    Checking component v0.1.0 (H:\Sources\zed-wt\pupeno-remote\crates\component)
    Checking fs v0.1.0 (H:\Sources\zed-wt\pupeno-remote\crates\fs)
    Checking ui_input v0.1.0 (H:\Sources\zed-wt\pupeno-remote\crates\ui_input)
    Checking migrator v0.1.0 (H:\Sources\zed-wt\pupeno-remote\crates\migrator)
    Checking file_icons v0.1.0 (H:\Sources\zed-wt\pupeno-remote\crates\file_icons)
    Checking settings v0.1.0 (H:\Sources\zed-wt\pupeno-remote\crates\settings)
    Checking feature_flags v0.1.0 (H:\Sources\zed-wt\pupeno-remote\crates\feature_flags)
    Checking theme_settings v0.1.0 (H:\Sources\zed-wt\pupeno-remote\crates\theme_settings)
    Checking context_server v0.1.0 (H:\Sources\zed-wt\pupeno-remote\crates\context_server)
    Checking git_hosting_providers v0.1.0 (H:\Sources\zed-wt\pupeno-remote\crates\git_hosting_providers)
    Checking remote v0.1.0 (H:\Sources\zed-wt\pupeno-remote\crates\remote)
    Checking vim_mode_setting v0.1.0 (H:\Sources\zed-wt\pupeno-remote\crates\vim_mode_setting)
    Checking terminal v0.1.0 (H:\Sources\zed-wt\pupeno-remote\crates\terminal)
    Checking worktree v0.1.0 (H:\Sources\zed-wt\pupeno-remote\crates\worktree)
    Checking buffer_diff v0.1.0 (H:\Sources\zed-wt\pupeno-remote\crates\buffer_diff)
    Checking prettier v0.1.0 (H:\Sources\zed-wt\pupeno-remote\crates\prettier)
    Checking markdown v0.1.0 (H:\Sources\zed-wt\pupeno-remote\crates\markdown)
    Checking language_detection v0.1.0 (H:\Sources\zed-wt\pupeno-remote\crates\language_detection)
    Checking multi_buffer v0.1.0 (H:\Sources\zed-wt\pupeno-remote\crates\multi_buffer)
    Checking client v0.1.0 (H:\Sources\zed-wt\pupeno-remote\crates\client)
    Checking dap v0.1.0 (H:\Sources\zed-wt\pupeno-remote\crates\dap)
    Checking edit_prediction_types v0.1.0 (H:\Sources\zed-wt\pupeno-remote\crates\edit_prediction_types)
    Checking extension v0.1.0 (H:\Sources\zed-wt\pupeno-remote\crates\extension)
    Checking snippet_provider v0.1.0 (H:\Sources\zed-wt\pupeno-remote\crates\snippet_provider)
    Checking project v0.1.0 (H:\Sources\zed-wt\pupeno-remote\crates\project)
    Checking agent_settings v0.1.0 (H:\Sources\zed-wt\pupeno-remote\crates\agent_settings)
    Checking extension_host v0.1.0 (H:\Sources\zed-wt\pupeno-remote\crates\extension_host)
    Checking workspace v0.1.0 (H:\Sources\zed-wt\pupeno-remote\crates\workspace)
    Checking picker v0.1.0 (H:\Sources\zed-wt\pupeno-remote\crates\picker)
    Checking auto_update v0.1.0 (H:\Sources\zed-wt\pupeno-remote\crates\auto_update)
    Checking breadcrumbs v0.1.0 (H:\Sources\zed-wt\pupeno-remote\crates\breadcrumbs)
    Checking editor v0.1.0 (H:\Sources\zed-wt\pupeno-remote\crates\editor)
    Checking remote_connection v0.1.0 (H:\Sources\zed-wt\pupeno-remote\crates\remote_connection)
    Checking open_path_prompt v0.1.0 (H:\Sources\zed-wt\pupeno-remote\crates\open_path_prompt)
    Checking dev_container v0.1.0 (H:\Sources\zed-wt\pupeno-remote\crates\dev_container)
    Checking recent_projects v0.1.0 (H:\Sources\zed-wt\pupeno-remote\crates\recent_projects)
    Finished `dev` profile [unoptimized + debuginfo] target(s) in 3m 10s
